// Jest Snapshot v1, https://goo.gl/fbAQLP

exports[`renderTypescriptFromTree renders clean types with field-based names and header 1`] = `
"/**
 * Generated by typasaur
 *
 *                    __
 *                   / _)
 *          .-^^^-/ /
 *      __/       /
 *     <__.|_|-|_|
 *
 * JSON to TypeScript Model CLI
 */

export type Profile = {
  age: number;
  bio: any;
  socialLinks: ("x" | "y")[];
};

export type Project = {
  completed: boolean;
  id: string;
  title: string;
};

export type User = {
  email: string;
  id: number;
  isActive: boolean;
  profile: Profile;
  projects: Project[];
  roles: ("admin" | "editor")[];
  signupDate: string | Date;
};
"
`;

exports[`renderTypescriptFromTree renders complex fixture deterministically 1`] = `
"/**
 * Generated by typasaur
 *
 *                    __
 *                   / _)
 *          .-^^^-/ /
 *      __/       /
 *     <__.|_|-|_|
 *
 * JSON to TypeScript Model CLI
 */

export interface Contact = {
  isPrimary: boolean;
  type: string;
  value: string;
};

export interface Social = {
  github: string;
  linkedin: any;
  twitter: string;
};

export interface Profile = {
  bio: any;
  contacts: Contact[];
  dateOfBirth: string | Date;
  firstName: string;
  lastName: string;
  social: Social;
};

export interface Project = {
  contributors: any[];
  id: string;
  status: string;
  tags: ("typescript" | "cli" | "open-source" | "angular" | "monaco" | "frontend")[];
  title: string;
};

export interface Notifications = {
  email: boolean;
  push: any;
  sms: boolean;
};

export interface Settings = {
  language: string;
  notifications: Notifications;
  theme: string;
};

export interface Model = {
  createdAt: string | Date;
  email: string;
  id: number;
  profile: Profile;
  projects: Project[];
  roles: ("admin" | "editor" | "viewer")[];
  settings: Settings;
  updatedAt: any;
  username: string;
};
"
`;
